

================================================================
== Vivado HLS Report for 'dense_mult_3lyr_2'
================================================================
* Date:           Fri Aug 19 15:53:18 2022

* Version:        2019.2 (Build 2704478 on Wed Nov 06 22:10:23 MST 2019)
* Project:        ii_1
* Solution:       example_par_4
* Product family: virtexuplus
* Target device:  xcvu9p-flga2104-2-i


================================================================
== Performance Estimates
================================================================
+ Timing: 
    * Summary: 
    +--------+---------+----------+------------+
    |  Clock |  Target | Estimated| Uncertainty|
    +--------+---------+----------+------------+
    |ap_clk  | 5.00 ns | 4.221 ns |   0.62 ns  |
    +--------+---------+----------+------------+

+ Latency: 
    * Summary: 
    +---------+---------+-----------+-----------+-----+-----+----------+
    |  Latency (cycles) |   Latency (absolute)  |  Interval | Pipeline |
    |   min   |   max   |    min    |    max    | min | max |   Type   |
    +---------+---------+-----------+-----------+-----+-----+----------+
    |        5|        5| 25.000 ns | 25.000 ns |    1|    1| function |
    +---------+---------+-----------+-----------+-----+-----+----------+

    + Detail: 
        * Instance: 
        +---------------------------------+----------------------+---------+---------+----------+----------+-----+-----+----------+
        |                                 |                      |  Latency (cycles) |  Latency (absolute) |  Interval | Pipeline |
        |             Instance            |        Module        |   min   |   max   |    min   |    max   | min | max |   Type   |
        +---------------------------------+----------------------+---------+---------+----------+----------+-----+-----+----------+
        |grp_dense_resource_0_0_3_fu_130  |dense_resource_0_0_3  |        1|        1| 5.000 ns | 5.000 ns |    1|    1| function |
        |grp_dense_resource_0_0_fu_154    |dense_resource_0_0    |        1|        1| 5.000 ns | 5.000 ns |    1|    1| function |
        |call_ret1_relu_fu_166            |relu                  |        0|        0|   0 ns   |   0 ns   |    1|    1| function |
        |call_ret_relu_fu_178             |relu                  |        0|        0|   0 ns   |   0 ns   |    1|    1| function |
        +---------------------------------+----------------------+---------+---------+----------+----------+-----+-----+----------+

        * Loop: 
        N/A



================================================================
== Utilization Estimates
================================================================
* Summary: 
+---------------------+---------+-------+---------+---------+-----+
|         Name        | BRAM_18K| DSP48E|    FF   |   LUT   | URAM|
+---------------------+---------+-------+---------+---------+-----+
|DSP                  |        -|      5|        -|        -|    -|
|Expression           |        -|      1|        0|      186|    -|
|FIFO                 |        -|      -|        -|        -|    -|
|Instance             |        -|     89|      916|     3990|    -|
|Memory               |        -|      -|        -|        -|    -|
|Multiplexer          |        -|      -|        -|        -|    -|
|Register             |        -|      -|      406|        -|    -|
+---------------------+---------+-------+---------+---------+-----+
|Total                |        0|     95|     1322|     4176|    0|
+---------------------+---------+-------+---------+---------+-----+
|Available SLR        |     1440|   2280|   788160|   394080|  320|
+---------------------+---------+-------+---------+---------+-----+
|Utilization SLR (%)  |        0|      4|    ~0   |        1|    0|
+---------------------+---------+-------+---------+---------+-----+
|Available            |     4320|   6840|  2364480|  1182240|  960|
+---------------------+---------+-------+---------+---------+-----+
|Utilization (%)      |        0|      1|    ~0   |    ~0   |    0|
+---------------------+---------+-------+---------+---------+-----+

+ Detail: 
    * Instance: 
    +---------------------------------+----------------------+---------+-------+-----+------+-----+
    |             Instance            |        Module        | BRAM_18K| DSP48E|  FF |  LUT | URAM|
    +---------------------------------+----------------------+---------+-------+-----+------+-----+
    |grp_dense_resource_0_0_fu_154    |dense_resource_0_0    |        0|     37|  470|  1626|    0|
    |grp_dense_resource_0_0_3_fu_130  |dense_resource_0_0_3  |        0|     52|  446|  1948|    0|
    |call_ret1_relu_fu_166            |relu                  |        0|      0|    0|   208|    0|
    |call_ret_relu_fu_178             |relu                  |        0|      0|    0|   208|    0|
    +---------------------------------+----------------------+---------+-------+-----+------+-----+
    |Total                            |                      |        0|     89|  916|  3990|    0|
    +---------------------------------+----------------------+---------+-------+-----+------+-----+

    * DSP48E: 
    +----------------------------+----------------------+-----------+
    |          Instance          |        Module        | Expression|
    +----------------------------+----------------------+-----------+
    |example_mul_mul_1ncg_U1936  |example_mul_mul_1ncg  |  i0 * i1  |
    |example_mul_mul_1ocq_U1934  |example_mul_mul_1ocq  |  i0 * i1  |
    |example_mul_mul_1ocq_U1937  |example_mul_mul_1ocq  |  i0 * i1  |
    |example_mul_mul_1sc4_U1935  |example_mul_mul_1sc4  |  i0 * i1  |
    |example_mul_mul_1tde_U1933  |example_mul_mul_1tde  |  i0 * i1  |
    +----------------------------+----------------------+-----------+

    * Memory: 
    N/A

    * FIFO: 
    N/A

    * Expression: 
    +--------------------------+----------+-------+---+----+------------+------------+
    |       Variable Name      | Operation| DSP48E| FF| LUT| Bitwidth P0| Bitwidth P1|
    +--------------------------+----------+-------+---+----+------------+------------+
    |mul_ln1118_126_fu_433_p2  |     *    |      1|  0|   7|          14|           5|
    |add_ln1118_fu_469_p2      |     +    |      0|  0|  18|          18|          18|
    |add_ln703_285_fu_495_p2   |     +    |      0|  0|  14|          14|          14|
    |add_ln703_286_fu_533_p2   |     +    |      0|  0|  18|          14|          14|
    |add_ln703_287_fu_501_p2   |     +    |      0|  0|  18|          14|          14|
    |add_ln703_288_fu_507_p2   |     +    |      0|  0|  12|          12|           6|
    |add_ln703_289_fu_517_p2   |     +    |      0|  0|  13|          13|          13|
    |add_ln703_290_fu_527_p2   |     +    |      0|  0|  18|          14|          14|
    |add_ln703_fu_489_p2       |     +    |      0|  0|  14|          14|          14|
    |ap_return                 |     +    |      0|  0|  18|          14|          14|
    |sub_ln1118_102_fu_400_p2  |     -    |      0|  0|  18|          21|          21|
    |sub_ln1118_fu_394_p2      |     -    |      0|  0|  18|           1|          21|
    +--------------------------+----------+-------+---+----+------------+------------+
    |Total                     |          |      1|  0| 186|         163|         168|
    +--------------------------+----------+-------+---+----+------------+------------+

    * Multiplexer: 
    N/A

    * Register: 
    +--------------------------+----+----+-----+-----------+
    |           Name           | FF | LUT| Bits| Const Bits|
    +--------------------------+----+----+-----+-----------+
    |add_ln703_285_reg_662     |  14|   0|   14|          0|
    |add_ln703_290_reg_667     |  14|   0|   14|          0|
    |add_ln703_reg_657         |  14|   0|   14|          0|
    |data0_0_V_reg_577         |  14|   0|   14|          0|
    |data0_1_V_reg_582         |  14|   0|   14|          0|
    |data0_2_V_reg_587         |  14|   0|   14|          0|
    |data0_3_V_reg_592         |  14|   0|   14|          0|
    |data0_4_V_reg_597         |  14|   0|   14|          0|
    |data0_5_V_reg_602         |  14|   0|   14|          0|
    |data0_6_V_reg_607         |  14|   0|   14|          0|
    |data0_7_V_reg_612         |  14|   0|   14|          0|
    |data1_logits_0_V_reg_617  |  14|   0|   14|          0|
    |data1_logits_1_V_reg_622  |  14|   0|   14|          0|
    |data1_logits_2_V_reg_627  |  14|   0|   14|          0|
    |data1_logits_3_V_reg_632  |  14|   0|   14|          0|
    |data1_logits_4_V_reg_637  |  14|   0|   14|          0|
    |data1_logits_5_V_reg_642  |  14|   0|   14|          0|
    |data1_logits_6_V_reg_647  |  14|   0|   14|          0|
    |data1_logits_7_V_reg_652  |  14|   0|   14|          0|
    |data_0_V_read_int_reg     |  14|   0|   14|          0|
    |data_1_V_read_int_reg     |  14|   0|   14|          0|
    |data_2_V_read_int_reg     |  14|   0|   14|          0|
    |data_3_V_read_int_reg     |  14|   0|   14|          0|
    |data_4_V_read_int_reg     |  14|   0|   14|          0|
    |data_5_V_read_int_reg     |  14|   0|   14|          0|
    |data_6_V_read_int_reg     |  14|   0|   14|          0|
    |data_7_V_read_int_reg     |  14|   0|   14|          0|
    |data_8_V_read_int_reg     |  14|   0|   14|          0|
    |data_9_V_read_int_reg     |  14|   0|   14|          0|
    +--------------------------+----+----+-----+-----------+
    |Total                     | 406|   0|  406|          0|
    +--------------------------+----+----+-----+-----------+



================================================================
== Interface
================================================================
* Summary: 
+---------------+-----+-----+------------+-------------------+--------------+
|   RTL Ports   | Dir | Bits|  Protocol  |   Source Object   |    C Type    |
+---------------+-----+-----+------------+-------------------+--------------+
|ap_clk         |  in |    1| ap_ctrl_hs | dense_mult_3lyr.2 | return value |
|ap_rst         |  in |    1| ap_ctrl_hs | dense_mult_3lyr.2 | return value |
|ap_return      | out |   14| ap_ctrl_hs | dense_mult_3lyr.2 | return value |
|data_0_V_read  |  in |   14|   ap_none  |   data_0_V_read   |    scalar    |
|data_1_V_read  |  in |   14|   ap_none  |   data_1_V_read   |    scalar    |
|data_2_V_read  |  in |   14|   ap_none  |   data_2_V_read   |    scalar    |
|data_3_V_read  |  in |   14|   ap_none  |   data_3_V_read   |    scalar    |
|data_4_V_read  |  in |   14|   ap_none  |   data_4_V_read   |    scalar    |
|data_5_V_read  |  in |   14|   ap_none  |   data_5_V_read   |    scalar    |
|data_6_V_read  |  in |   14|   ap_none  |   data_6_V_read   |    scalar    |
|data_7_V_read  |  in |   14|   ap_none  |   data_7_V_read   |    scalar    |
|data_8_V_read  |  in |   14|   ap_none  |   data_8_V_read   |    scalar    |
|data_9_V_read  |  in |   14|   ap_none  |   data_9_V_read   |    scalar    |
+---------------+-----+-----+------------+-------------------+--------------+

