

================================================================
== Vivado HLS Report for 'dense_mult_3lyr'
================================================================
* Date:           Mon Aug 22 13:46:53 2022

* Version:        2019.2 (Build 2704478 on Wed Nov 06 22:10:23 MST 2019)
* Project:        axi_ii_1
* Solution:       example_par_1
* Product family: virtexuplus
* Target device:  xcvu9p-flga2104-2-i


================================================================
== Performance Estimates
================================================================
+ Timing: 
    * Summary: 
    +--------+---------+----------+------------+
    |  Clock |  Target | Estimated| Uncertainty|
    +--------+---------+----------+------------+
    |ap_clk  | 5.00 ns | 4.221 ns |   0.62 ns  |
    +--------+---------+----------+------------+

+ Latency: 
    * Summary: 
    +---------+---------+-----------+-----------+-----+-----+----------+
    |  Latency (cycles) |   Latency (absolute)  |  Interval | Pipeline |
    |   min   |   max   |    min    |    max    | min | max |   Type   |
    +---------+---------+-----------+-----------+-----+-----+----------+
    |        6|        6| 30.000 ns | 30.000 ns |    1|    1| function |
    +---------+---------+-----------+-----------+-----+-----+----------+

    + Detail: 
        * Instance: 
        +---------------------------------+----------------------+---------+---------+----------+----------+-----+-----+----------+
        |                                 |                      |  Latency (cycles) |  Latency (absolute) |  Interval | Pipeline |
        |             Instance            |        Module        |   min   |   max   |    min   |    max   | min | max |   Type   |
        +---------------------------------+----------------------+---------+---------+----------+----------+-----+-----+----------+
        |grp_dense_resource_1_0_fu_158    |dense_resource_1_0    |        1|        1| 5.000 ns | 5.000 ns |    1|    1| function |
        |grp_dense_resource_0_0_2_fu_170  |dense_resource_0_0_2  |        1|        1| 5.000 ns | 5.000 ns |    1|    1| function |
        |call_ret2_relu_fu_188            |relu                  |        0|        0|   0 ns   |   0 ns   |    1|    1| function |
        |call_ret_relu_fu_200             |relu                  |        0|        0|   0 ns   |   0 ns   |    1|    1| function |
        +---------------------------------+----------------------+---------+---------+----------+----------+-----+-----+----------+

        * Loop: 
        N/A



================================================================
== Utilization Estimates
================================================================
* Summary: 
+---------------------+---------+-------+---------+---------+-----+
|         Name        | BRAM_18K| DSP48E|    FF   |   LUT   | URAM|
+---------------------+---------+-------+---------+---------+-----+
|DSP                  |        -|     11|        -|        -|    -|
|Expression           |        -|      1|        0|      614|    -|
|FIFO                 |        -|      -|        -|        -|    -|
|Instance             |        -|     56|      628|     3584|    -|
|Memory               |        -|      -|        -|        -|    -|
|Multiplexer          |        -|      -|        -|        -|    -|
|Register             |        -|      -|      576|        -|    -|
+---------------------+---------+-------+---------+---------+-----+
|Total                |        0|     68|     1204|     4198|    0|
+---------------------+---------+-------+---------+---------+-----+
|Available SLR        |     1440|   2280|   788160|   394080|  320|
+---------------------+---------+-------+---------+---------+-----+
|Utilization SLR (%)  |        0|      2|    ~0   |        1|    0|
+---------------------+---------+-------+---------+---------+-----+
|Available            |     4320|   6840|  2364480|  1182240|  960|
+---------------------+---------+-------+---------+---------+-----+
|Utilization (%)      |        0|   ~0  |    ~0   |    ~0   |    0|
+---------------------+---------+-------+---------+---------+-----+

+ Detail: 
    * Instance: 
    +---------------------------------+----------------------+---------+-------+-----+------+-----+
    |             Instance            |        Module        | BRAM_18K| DSP48E|  FF |  LUT | URAM|
    +---------------------------------+----------------------+---------+-------+-----+------+-----+
    |grp_dense_resource_0_0_2_fu_170  |dense_resource_0_0_2  |        0|     26|  267|  1538|    0|
    |grp_dense_resource_1_0_fu_158    |dense_resource_1_0    |        0|     30|  361|  1630|    0|
    |call_ret2_relu_fu_188            |relu                  |        0|      0|    0|   208|    0|
    |call_ret_relu_fu_200             |relu                  |        0|      0|    0|   208|    0|
    +---------------------------------+----------------------+---------+-------+-----+------+-----+
    |Total                            |                      |        0|     56|  628|  3584|    0|
    +---------------------------------+----------------------+---------+-------+-----+------+-----+

    * DSP48E: 
    +----------------------------+----------------------+-----------+
    |          Instance          |        Module        | Expression|
    +----------------------------+----------------------+-----------+
    |example_mul_mul_1ncg_U1781  |example_mul_mul_1ncg  |  i0 * i1  |
    |example_mul_mul_1ncg_U1785  |example_mul_mul_1ncg  |  i0 * i1  |
    |example_mul_mul_1ncg_U1791  |example_mul_mul_1ncg  |  i0 * i1  |
    |example_mul_mul_1ocq_U1782  |example_mul_mul_1ocq  |  i0 * i1  |
    |example_mul_mul_1ocq_U1783  |example_mul_mul_1ocq  |  i0 * i1  |
    |example_mul_mul_1ocq_U1784  |example_mul_mul_1ocq  |  i0 * i1  |
    |example_mul_mul_1ocq_U1787  |example_mul_mul_1ocq  |  i0 * i1  |
    |example_mul_mul_1rcU_U1786  |example_mul_mul_1rcU  |  i0 * i1  |
    |example_mul_mul_1sc4_U1789  |example_mul_mul_1sc4  |  i0 * i1  |
    |example_mul_mul_1tde_U1788  |example_mul_mul_1tde  |  i0 * i1  |
    |example_mul_mul_1wdI_U1790  |example_mul_mul_1wdI  |  i0 * i1  |
    +----------------------------+----------------------+-----------+

    * Memory: 
    N/A

    * FIFO: 
    N/A

    * Expression: 
    +--------------------------+----------+-------+---+----+------------+------------+
    |       Variable Name      | Operation| DSP48E| FF| LUT| Bitwidth P0| Bitwidth P1|
    +--------------------------+----------+-------+---+----+------------+------------+
    |mul_ln1118_131_fu_643_p2  |     *    |      1|  0|   7|          14|           5|
    |add_ln703_292_fu_545_p2   |     +    |      0|  0|  13|          13|          13|
    |add_ln703_293_fu_555_p2   |     +    |      0|  0|  18|          14|          14|
    |add_ln703_294_fu_561_p2   |     +    |      0|  0|  14|          14|          14|
    |add_ln703_295_fu_943_p2   |     +    |      0|  0|  14|          14|           7|
    |add_ln703_296_fu_949_p2   |     +    |      0|  0|  18|          14|          14|
    |add_ln703_297_fu_954_p2   |     +    |      0|  0|  18|          14|          14|
    |add_ln703_298_fu_711_p2   |     +    |      0|  0|  14|          14|          14|
    |add_ln703_299_fu_717_p2   |     +    |      0|  0|  18|          14|          14|
    |add_ln703_300_fu_723_p2   |     +    |      0|  0|  18|          14|          14|
    |add_ln703_301_fu_729_p2   |     +    |      0|  0|  13|          13|          13|
    |add_ln703_302_fu_974_p2   |     +    |      0|  0|   8|           8|           7|
    |add_ln703_303_fu_984_p2   |     +    |      0|  0|  14|          14|          14|
    |add_ln703_304_fu_990_p2   |     +    |      0|  0|  18|          14|          14|
    |add_ln703_305_fu_996_p2   |     +    |      0|  0|  18|          14|          14|
    |add_ln703_306_fu_876_p2   |     +    |      0|  0|  14|          14|          14|
    |add_ln703_307_fu_1007_p2  |     +    |      0|  0|  18|          14|          14|
    |add_ln703_308_fu_1013_p2  |     +    |      0|  0|  18|          14|          14|
    |add_ln703_309_fu_882_p2   |     +    |      0|  0|  14|          14|          14|
    |add_ln703_310_fu_888_p2   |     +    |      0|  0|  18|          14|           7|
    |add_ln703_311_fu_894_p2   |     +    |      0|  0|  18|          14|          14|
    |add_ln703_312_fu_1018_p2  |     +    |      0|  0|  18|          14|          14|
    |add_ln703_313_fu_1022_p2  |     +    |      0|  0|  18|          14|          14|
    |add_ln703_fu_539_p2       |     +    |      0|  0|  18|          14|          14|
    |sub_ln1118_103_fu_394_p2  |     -    |      0|  0|  19|          19|          19|
    |sub_ln1118_104_fu_456_p2  |     -    |      0|  0|  18|          19|          19|
    |sub_ln1118_105_fu_513_p2  |     -    |      0|  0|  18|           1|          19|
    |sub_ln1118_106_fu_519_p2  |     -    |      0|  0|  18|          19|          19|
    |sub_ln1118_107_fu_917_p2  |     -    |      0|  0|  18|           1|          20|
    |sub_ln1118_108_fu_923_p2  |     -    |      0|  0|  18|          20|          20|
    |sub_ln1118_109_fu_591_p2  |     -    |      0|  0|  20|          20|          20|
    |sub_ln1118_110_fu_685_p2  |     -    |      0|  0|  18|           1|          17|
    |sub_ln1118_111_fu_691_p2  |     -    |      0|  0|  18|          17|          17|
    |sub_ln1118_112_fu_769_p2  |     -    |      0|  0|  18|          18|          18|
    |sub_ln1118_113_fu_806_p2  |     -    |      0|  0|  18|           1|          18|
    |sub_ln1118_114_fu_824_p2  |     -    |      0|  0|  18|          18|          18|
    |sub_ln1118_fu_438_p2      |     -    |      0|  0|  18|           1|          19|
    +--------------------------+----------+-------+---+----+------------+------------+
    |Total                     |          |      1|  0| 614|         483|         547|
    +--------------------------+----------+-------+---+----+------------+------------+

    * Multiplexer: 
    N/A

    * Register: 
    +---------------------------+----+----+-----+-----------+
    |            Name           | FF | LUT| Bits| Const Bits|
    +---------------------------+----+----+-----+-----------+
    |add_ln703_293_reg_1250     |  14|   0|   14|          0|
    |add_ln703_294_reg_1255     |  14|   0|   14|          0|
    |add_ln703_300_reg_1265     |  14|   0|   14|          0|
    |add_ln703_301_reg_1270     |  13|   0|   13|          0|
    |add_ln703_306_reg_1285     |  14|   0|   14|          0|
    |add_ln703_309_reg_1290     |  14|   0|   14|          0|
    |add_ln703_311_reg_1295     |  14|   0|   14|          0|
    |data0_0_V_reg_1163         |  14|   0|   14|          0|
    |data0_1_V_reg_1168         |  14|   0|   14|          0|
    |data0_2_V_reg_1173         |  14|   0|   14|          0|
    |data0_3_V_reg_1178         |  14|   0|   14|          0|
    |data0_4_V_reg_1183         |  14|   0|   14|          0|
    |data0_5_V_reg_1188         |  14|   0|   14|          0|
    |data0_6_V_reg_1193         |  14|   0|   14|          0|
    |data0_7_V_reg_1198         |  14|   0|   14|          0|
    |data0_logits_0_V_reg_1123  |  14|   0|   14|          0|
    |data0_logits_1_V_reg_1128  |  14|   0|   14|          0|
    |data0_logits_2_V_reg_1133  |  14|   0|   14|          0|
    |data0_logits_3_V_reg_1138  |  14|   0|   14|          0|
    |data0_logits_4_V_reg_1143  |  14|   0|   14|          0|
    |data0_logits_5_V_reg_1148  |  14|   0|   14|          0|
    |data0_logits_6_V_reg_1153  |  14|   0|   14|          0|
    |data0_logits_7_V_reg_1158  |  14|   0|   14|          0|
    |data1_7_V_reg_1243         |  14|   0|   14|          0|
    |data1_logits_0_V_reg_1203  |  14|   0|   14|          0|
    |data1_logits_1_V_reg_1208  |  14|   0|   14|          0|
    |data1_logits_2_V_reg_1213  |  14|   0|   14|          0|
    |data1_logits_3_V_reg_1218  |  14|   0|   14|          0|
    |data1_logits_4_V_reg_1223  |  14|   0|   14|          0|
    |data1_logits_5_V_reg_1228  |  14|   0|   14|          0|
    |data1_logits_6_V_reg_1233  |  14|   0|   14|          0|
    |data1_logits_7_V_reg_1238  |  14|   0|   14|          0|
    |data_0_V_read_int_reg      |  14|   0|   14|          0|
    |data_1_V_read_int_reg      |  14|   0|   14|          0|
    |data_2_V_read_int_reg      |  14|   0|   14|          0|
    |data_3_V_read_int_reg      |  14|   0|   14|          0|
    |data_4_V_read_int_reg      |  14|   0|   14|          0|
    |data_5_V_read_int_reg      |  14|   0|   14|          0|
    |data_6_V_read_int_reg      |  14|   0|   14|          0|
    |trunc_ln708_204_reg_1260   |   7|   0|    7|          0|
    |trunc_ln708_208_reg_1275   |  11|   0|   11|          0|
    |trunc_ln708_209_reg_1280   |  13|   0|   13|          0|
    +---------------------------+----+----+-----+-----------+
    |Total                      | 576|   0|  576|          0|
    +---------------------------+----+----+-----+-----------+



================================================================
== Interface
================================================================
* Summary: 
+---------------+-----+-----+------------+-----------------+--------------+
|   RTL Ports   | Dir | Bits|  Protocol  |  Source Object  |    C Type    |
+---------------+-----+-----+------------+-----------------+--------------+
|ap_clk         |  in |    1| ap_ctrl_hs | dense_mult_3lyr | return value |
|ap_rst         |  in |    1| ap_ctrl_hs | dense_mult_3lyr | return value |
|ap_return_0    | out |   14| ap_ctrl_hs | dense_mult_3lyr | return value |
|ap_return_1    | out |   14| ap_ctrl_hs | dense_mult_3lyr | return value |
|ap_return_2    | out |   14| ap_ctrl_hs | dense_mult_3lyr | return value |
|data_0_V_read  |  in |   14|   ap_none  |  data_0_V_read  |    scalar    |
|data_1_V_read  |  in |   14|   ap_none  |  data_1_V_read  |    scalar    |
|data_2_V_read  |  in |   14|   ap_none  |  data_2_V_read  |    scalar    |
|data_3_V_read  |  in |   14|   ap_none  |  data_3_V_read  |    scalar    |
|data_4_V_read  |  in |   14|   ap_none  |  data_4_V_read  |    scalar    |
|data_5_V_read  |  in |   14|   ap_none  |  data_5_V_read  |    scalar    |
|data_6_V_read  |  in |   14|   ap_none  |  data_6_V_read  |    scalar    |
+---------------+-----+-----+------------+-----------------+--------------+

