

================================================================
== Vivado HLS Report for 'dense_resource_0_0_1'
================================================================
* Date:           Mon Aug 22 13:46:12 2022

* Version:        2019.2 (Build 2704478 on Wed Nov 06 22:10:23 MST 2019)
* Project:        axi_ii_1
* Solution:       example_par_1
* Product family: virtexuplus
* Target device:  xcvu9p-flga2104-2-i


================================================================
== Performance Estimates
================================================================
+ Timing: 
    * Summary: 
    +--------+---------+----------+------------+
    |  Clock |  Target | Estimated| Uncertainty|
    +--------+---------+----------+------------+
    |ap_clk  | 5.00 ns | 3.804 ns |   0.62 ns  |
    +--------+---------+----------+------------+

+ Latency: 
    * Summary: 
    +---------+---------+----------+----------+-----+-----+----------+
    |  Latency (cycles) |  Latency (absolute) |  Interval | Pipeline |
    |   min   |   max   |    min   |    max   | min | max |   Type   |
    +---------+---------+----------+----------+-----+-----+----------+
    |        1|        1| 5.000 ns | 5.000 ns |    1|    1| function |
    +---------+---------+----------+----------+-----+-----+----------+

    + Detail: 
        * Instance: 
        N/A

        * Loop: 
        N/A



================================================================
== Utilization Estimates
================================================================
* Summary: 
+---------------------+---------+-------+---------+---------+-----+
|         Name        | BRAM_18K| DSP48E|    FF   |   LUT   | URAM|
+---------------------+---------+-------+---------+---------+-----+
|DSP                  |        -|     16|        -|        -|    -|
|Expression           |        -|      1|        0|      711|    -|
|FIFO                 |        -|      -|        -|        -|    -|
|Instance             |        -|      -|        -|        -|    -|
|Memory               |        -|      -|        -|        -|    -|
|Multiplexer          |        -|      -|        -|       36|    -|
|Register             |        -|      -|      204|        -|    -|
+---------------------+---------+-------+---------+---------+-----+
|Total                |        0|     17|      204|      747|    0|
+---------------------+---------+-------+---------+---------+-----+
|Available SLR        |     1440|   2280|   788160|   394080|  320|
+---------------------+---------+-------+---------+---------+-----+
|Utilization SLR (%)  |        0|   ~0  |    ~0   |    ~0   |    0|
+---------------------+---------+-------+---------+---------+-----+
|Available            |     4320|   6840|  2364480|  1182240|  960|
+---------------------+---------+-------+---------+---------+-----+
|Utilization (%)      |        0|   ~0  |    ~0   |    ~0   |    0|
+---------------------+---------+-------+---------+---------+-----+

+ Detail: 
    * Instance: 
    N/A

    * DSP48E: 
    +---------------------------+----------------------+-----------+
    |          Instance         |        Module        | Expression|
    +---------------------------+----------------------+-----------+
    |example_mul_mul_1mb6_U675  |example_mul_mul_1mb6  |  i0 * i1  |
    |example_mul_mul_1mb6_U678  |example_mul_mul_1mb6  |  i0 * i1  |
    |example_mul_mul_1ncg_U676  |example_mul_mul_1ncg  |  i0 * i1  |
    |example_mul_mul_1ocq_U679  |example_mul_mul_1ocq  |  i0 * i1  |
    |example_mul_mul_1pcA_U682  |example_mul_mul_1pcA  |  i0 * i1  |
    |example_mul_mul_1rcU_U687  |example_mul_mul_1rcU  |  i0 * i1  |
    |example_mul_mul_1rcU_U688  |example_mul_mul_1rcU  |  i0 * i1  |
    |example_mul_mul_1rcU_U689  |example_mul_mul_1rcU  |  i0 * i1  |
    |example_mul_mul_1sc4_U685  |example_mul_mul_1sc4  |  i0 * i1  |
    |example_mul_mul_1sc4_U686  |example_mul_mul_1sc4  |  i0 * i1  |
    |example_mul_mul_1tde_U674  |example_mul_mul_1tde  |  i0 * i1  |
    |example_mul_mul_1tde_U677  |example_mul_mul_1tde  |  i0 * i1  |
    |example_mul_mul_1tde_U681  |example_mul_mul_1tde  |  i0 * i1  |
    |example_mul_mul_1tde_U683  |example_mul_mul_1tde  |  i0 * i1  |
    |example_mul_mul_1vdy_U680  |example_mul_mul_1vdy  |  i0 * i1  |
    |example_mul_mul_1wdI_U684  |example_mul_mul_1wdI  |  i0 * i1  |
    +---------------------------+----------------------+-----------+

    * Memory: 
    N/A

    * FIFO: 
    N/A

    * Expression: 
    +-------------------------+----------+-------+---+----+------------+------------+
    |      Variable Name      | Operation| DSP48E| FF| LUT| Bitwidth P0| Bitwidth P1|
    +-------------------------+----------+-------+---+----+------------+------------+
    |mul_ln1118_68_fu_855_p2  |     *    |      1|  0|   7|          14|           5|
    |add_ln1118_13_fu_582_p2  |     +    |      0|  0|  21|          21|          21|
    |add_ln1118_fu_331_p2     |     +    |      0|  0|  17|          17|          17|
    |add_ln703_188_fu_273_p2  |     +    |      0|  0|  18|          14|          14|
    |add_ln703_189_fu_279_p2  |     +    |      0|  0|  18|          14|          14|
    |add_ln703_190_fu_694_p2  |     +    |      0|  0|  14|          14|          14|
    |add_ln703_191_fu_285_p2  |     +    |      0|  0|  13|          13|           7|
    |add_ln703_192_fu_295_p2  |     +    |      0|  0|  14|          14|          14|
    |add_ln703_193_fu_700_p2  |     +    |      0|  0|  18|          14|          14|
    |add_ln703_195_fu_386_p2  |     +    |      0|  0|  14|          14|          14|
    |add_ln703_196_fu_392_p2  |     +    |      0|  0|  18|          14|          14|
    |add_ln703_197_fu_398_p2  |     +    |      0|  0|  18|          14|          14|
    |add_ln703_198_fu_761_p2  |     +    |      0|  0|  14|          14|          14|
    |add_ln703_199_fu_404_p2  |     +    |      0|  0|  18|          14|           7|
    |add_ln703_200_fu_410_p2  |     +    |      0|  0|  18|          14|          14|
    |add_ln703_201_fu_767_p2  |     +    |      0|  0|  18|          14|          14|
    |add_ln703_203_fu_531_p2  |     +    |      0|  0|  14|          14|          14|
    |add_ln703_204_fu_537_p2  |     +    |      0|  0|  18|          14|          14|
    |add_ln703_205_fu_543_p2  |     +    |      0|  0|  18|          14|          14|
    |add_ln703_206_fu_828_p2  |     +    |      0|  0|  14|          14|          14|
    |add_ln703_207_fu_834_p2  |     +    |      0|  0|   8|           8|           6|
    |add_ln703_208_fu_844_p2  |     +    |      0|  0|  18|          14|          14|
    |add_ln703_210_fu_620_p2  |     +    |      0|  0|  14|          14|          14|
    |add_ln703_211_fu_626_p2  |     +    |      0|  0|  18|          14|          14|
    |add_ln703_212_fu_632_p2  |     +    |      0|  0|  18|          14|          14|
    |add_ln703_213_fu_948_p2  |     +    |      0|  0|  14|          14|          14|
    |add_ln703_214_fu_954_p2  |     +    |      0|  0|  13|          13|           7|
    |add_ln703_215_fu_964_p2  |     +    |      0|  0|  14|          14|          14|
    |add_ln703_216_fu_970_p2  |     +    |      0|  0|  18|          14|          14|
    |add_ln703_273_fu_705_p2  |     +    |      0|  0|  18|          14|          14|
    |add_ln703_274_fu_772_p2  |     +    |      0|  0|  18|          14|          14|
    |add_ln703_275_fu_850_p2  |     +    |      0|  0|  18|          14|          14|
    |add_ln703_276_fu_976_p2  |     +    |      0|  0|  18|          14|          14|
    |add_ln703_fu_267_p2      |     +    |      0|  0|  14|          14|          14|
    |sub_ln1118_69_fu_741_p2  |     -    |      0|  0|  20|          20|          20|
    |sub_ln1118_70_fu_437_p2  |     -    |      0|  0|  18|           1|          17|
    |sub_ln1118_71_fu_443_p2  |     -    |      0|  0|  18|          17|          17|
    |sub_ln1118_72_fu_497_p2  |     -    |      0|  0|  20|          20|          20|
    |sub_ln1118_73_fu_808_p2  |     -    |      0|  0|  17|           1|          17|
    |sub_ln1118_74_fu_897_p2  |     -    |      0|  0|  20|          20|          20|
    |sub_ln1118_75_fu_928_p2  |     -    |      0|  0|  19|          19|          19|
    |sub_ln1118_99_fu_655_p2  |     -    |      0|  0|  18|          18|          18|
    |sub_ln1118_fu_710_p2     |     -    |      0|  0|  18|          18|          18|
    +-------------------------+----------+-------+---+----+------------+------------+
    |Total                    |          |      1|  0| 711|         612|         614|
    +-------------------------+----------+-------+---+----+------------+------------+

    * Multiplexer: 
    +-------------+----+-----------+-----+-----------+
    |     Name    | LUT| Input Size| Bits| Total Bits|
    +-------------+----+-----------+-----+-----------+
    |ap_return_0  |   9|          2|   14|         28|
    |ap_return_1  |   9|          2|   14|         28|
    |ap_return_2  |   9|          2|   14|         28|
    |ap_return_3  |   9|          2|   14|         28|
    +-------------+----+-----------+-----+-----------+
    |Total        |  36|          8|   56|        112|
    +-------------+----+-----------+-----+-----------+

    * Register: 
    +--------------------------+----+----+-----+-----------+
    |           Name           | FF | LUT| Bits| Const Bits|
    +--------------------------+----+----+-----+-----------+
    |add_ln703_189_reg_1143    |  14|   0|   14|          0|
    |add_ln703_192_reg_1148    |  14|   0|   14|          0|
    |add_ln703_197_reg_1153    |  14|   0|   14|          0|
    |add_ln703_200_reg_1158    |  14|   0|   14|          0|
    |add_ln703_205_reg_1168    |  14|   0|   14|          0|
    |add_ln703_212_reg_1173    |  14|   0|   14|          0|
    |ap_ce_reg                 |   1|   0|    1|          0|
    |ap_return_0_int_reg       |  14|   0|   14|          0|
    |ap_return_1_int_reg       |  14|   0|   14|          0|
    |ap_return_2_int_reg       |  14|   0|   14|          0|
    |ap_return_3_int_reg       |  14|   0|   14|          0|
    |data_4_V_read_7_reg_1136  |  14|   0|   14|          0|
    |data_5_V_read_6_reg_1130  |  14|   0|   14|          0|
    |data_6_V_read_4_reg_1123  |  14|   0|   14|          0|
    |data_7_V_read_4_reg_1117  |  14|   0|   14|          0|
    |trunc_ln708_136_reg_1163  |   7|   0|    7|          0|
    +--------------------------+----+----+-----+-----------+
    |Total                     | 204|   0|  204|          0|
    +--------------------------+----+----+-----+-----------+



================================================================
== Interface
================================================================
* Summary: 
+---------------+-----+-----+------------+----------------------+--------------+
|   RTL Ports   | Dir | Bits|  Protocol  |     Source Object    |    C Type    |
+---------------+-----+-----+------------+----------------------+--------------+
|ap_clk         |  in |    1| ap_ctrl_hs | dense_resource.0.0.1 | return value |
|ap_rst         |  in |    1| ap_ctrl_hs | dense_resource.0.0.1 | return value |
|ap_return_0    | out |   14| ap_ctrl_hs | dense_resource.0.0.1 | return value |
|ap_return_1    | out |   14| ap_ctrl_hs | dense_resource.0.0.1 | return value |
|ap_return_2    | out |   14| ap_ctrl_hs | dense_resource.0.0.1 | return value |
|ap_return_3    | out |   14| ap_ctrl_hs | dense_resource.0.0.1 | return value |
|ap_ce          |  in |    1| ap_ctrl_hs | dense_resource.0.0.1 | return value |
|data_0_V_read  |  in |   14|   ap_none  |     data_0_V_read    |    scalar    |
|data_1_V_read  |  in |   14|   ap_none  |     data_1_V_read    |    scalar    |
|data_2_V_read  |  in |   14|   ap_none  |     data_2_V_read    |    scalar    |
|data_3_V_read  |  in |   14|   ap_none  |     data_3_V_read    |    scalar    |
|data_4_V_read  |  in |   14|   ap_none  |     data_4_V_read    |    scalar    |
|data_5_V_read  |  in |   14|   ap_none  |     data_5_V_read    |    scalar    |
|data_6_V_read  |  in |   14|   ap_none  |     data_6_V_read    |    scalar    |
|data_7_V_read  |  in |   14|   ap_none  |     data_7_V_read    |    scalar    |
+---------------+-----+-----+------------+----------------------+--------------+

